
> axiom@0.28.5 build
> npm run build --workspaces


> @axiom/core@0.28.5 build
> tsc


> @axiom/telegram@0.28.5 build
> tsc


> @axiom/web-backend@0.28.5 build
> tsc


> @axiom/web-frontend@0.28.5 build
> nuxt generate

┌  Building Nuxt for production...
│
●  Nuxt 4.4.2 (with Nitro 2.13.3, Vite 7.3.1 and Vue 3.5.31)

 WARN  Payload extraction is recommended for full-static output. You can enable it by setting experimental.payloadExtraction to true or 'client'.

│
●  Nitro preset: static
ℹ Building client...
ℹ vite v7.3.1 building client environment for production...

 WARN  [plugin nuxt:module-preload-polyfill] Sourcemap is likely to be incorrect: a plugin (nuxt:module-preload-polyfill) was used to transform files, but didn't generate a sourcemap for the transformation. Consult the plugin documentation for help

ℹ transforming...

 WARN  [plugin @tailwindcss/vite:generate:build] Sourcemap is likely to be incorrect: a plugin (@tailwindcss/vite:generate:build) was used to transform files, but didn't generate a sourcemap for the transformation. Consult the plugin documentation for help


 WARN  [plugin @tailwindcss/vite:generate:build] Sourcemap is likely to be incorrect: a plugin (@tailwindcss/vite:generate:build) was used to transform files, but didn't generate a sourcemap for the transformation. Consult the plugin documentation for help (x2)


 WARN  [plugin @tailwindcss/vite:generate:build] Sourcemap is likely to be incorrect: a plugin (@tailwindcss/vite:generate:build) was used to transform files, but didn't generate a sourcemap for the transformation. Consult the plugin documentation for help (x3)

ℹ ✓ 2780 modules transformed.
ℹ rendering chunks...
ℹ computing gzip size...
ℹ ../node_modules/.cache/nuxt/.nuxt/dist/client/manifest.json                  22.92 kB │ gzip:   2.80 kB
ℹ ../node_modules/.cache/nuxt/.nuxt/dist/client/_nuxt/error-500.DwNMZNOg.css    1.91 kB │ gzip:   0.73 kB
ℹ ../node_modules/.cache/nuxt/.nuxt/dist/client/_nuxt/error-404.CnA5BOv9.css    2.43 kB │ gzip:   0.86 kB
ℹ ../node_modules/.cache/nuxt/.nuxt/dist/client/_nuxt/entry.CWXK7Sze.css       85.24 kB │ gzip:  14.25 kB
ℹ ../node_modules/.cache/nuxt/.nuxt/dist/client/_nuxt/DllePMjb.js               0.06 kB │ gzip:   0.08 kB
ℹ ../node_modules/.cache/nuxt/.nuxt/dist/client/_nuxt/DlAUqK2U.js               0.09 kB │ gzip:   0.10 kB
ℹ ../node_modules/.cache/nuxt/.nuxt/dist/client/_nuxt/Dxx69-d6.js               0.12 kB │ gzip:   0.13 kB
ℹ ../node_modules/.cache/nuxt/.nuxt/dist/client/_nuxt/mdqIBWI7.js               0.23 kB │ gzip:   0.20 kB
ℹ ../node_modules/.cache/nuxt/.nuxt/dist/client/_nuxt/D8-vH_6A.js               0.26 kB │ gzip:   0.22 kB
ℹ ../node_modules/.cache/nuxt/.nuxt/dist/client/_nuxt/BbjkvlRC.js               0.36 kB │ gzip:   0.28 kB
ℹ ../node_modules/.cache/nuxt/.nuxt/dist/client/_nuxt/UTgxJGqC.js               0.40 kB │ gzip:   0.29 kB
ℹ ../node_modules/.cache/nuxt/.nuxt/dist/client/_nuxt/BqoyWLbN.js               0.54 kB │ gzip:   0.36 kB
ℹ ../node_modules/.cache/nuxt/.nuxt/dist/client/_nuxt/DR-BW43Z.js               0.67 kB │ gzip:   0.42 kB
ℹ ../node_modules/.cache/nuxt/.nuxt/dist/client/_nuxt/CAZrhwxj.js               0.67 kB │ gzip:   0.35 kB
ℹ ../node_modules/.cache/nuxt/.nuxt/dist/client/_nuxt/sb3VdLLv.js               0.68 kB │ gzip:   0.36 kB
ℹ ../node_modules/.cache/nuxt/.nuxt/dist/client/_nuxt/DK4Z88fe.js               0.70 kB │ gzip:   0.36 kB
ℹ ../node_modules/.cache/nuxt/.nuxt/dist/client/_nuxt/kfRF3qM1.js               0.74 kB │ gzip:   0.47 kB
ℹ ../node_modules/.cache/nuxt/.nuxt/dist/client/_nuxt/DZjoSPbK.js               0.75 kB │ gzip:   0.46 kB
ℹ ../node_modules/.cache/nuxt/.nuxt/dist/client/_nuxt/BLU2MPqy.js               0.76 kB │ gzip:   0.45 kB
ℹ ../node_modules/.cache/nuxt/.nuxt/dist/client/_nuxt/BPCrbVXg.js               0.83 kB │ gzip:   0.49 kB
ℹ ../node_modules/.cache/nuxt/.nuxt/dist/client/_nuxt/DiZkZ40L.js               0.86 kB │ gzip:   0.41 kB
ℹ ../node_modules/.cache/nuxt/.nuxt/dist/client/_nuxt/hptduXfI.js               1.06 kB │ gzip:   0.59 kB
ℹ ../node_modules/.cache/nuxt/.nuxt/dist/client/_nuxt/PF7zo02j.js               1.07 kB │ gzip:   0.53 kB
ℹ ../node_modules/.cache/nuxt/.nuxt/dist/client/_nuxt/BsCdm-MD.js               1.08 kB │ gzip:   0.52 kB
ℹ ../node_modules/.cache/nuxt/.nuxt/dist/client/_nuxt/BlnBqaR3.js               1.12 kB │ gzip:   0.58 kB
ℹ ../node_modules/.cache/nuxt/.nuxt/dist/client/_nuxt/CoHWPChi.js               1.15 kB │ gzip:   0.61 kB
ℹ ../node_modules/.cache/nuxt/.nuxt/dist/client/_nuxt/D8MdBWIa.js               1.22 kB │ gzip:   0.50 kB
ℹ ../node_modules/.cache/nuxt/.nuxt/dist/client/_nuxt/D9e5YtQm.js               1.25 kB │ gzip:   0.59 kB
ℹ ../node_modules/.cache/nuxt/.nuxt/dist/client/_nuxt/nu8mDorw.js               1.28 kB │ gzip:   0.62 kB
ℹ ../node_modules/.cache/nuxt/.nuxt/dist/client/_nuxt/CmRs5SSd.js               1.29 kB │ gzip:   0.55 kB
ℹ ../node_modules/.cache/nuxt/.nuxt/dist/client/_nuxt/BmMlEiQr.js               1.34 kB │ gzip:   0.60 kB
ℹ ../node_modules/.cache/nuxt/.nuxt/dist/client/_nuxt/C2SYOa1i.js               1.42 kB │ gzip:   0.70 kB
ℹ ../node_modules/.cache/nuxt/.nuxt/dist/client/_nuxt/C_jHRRbR.js               1.46 kB │ gzip:   0.74 kB
ℹ ../node_modules/.cache/nuxt/.nuxt/dist/client/_nuxt/BqmAfUiD.js               1.56 kB │ gzip:   0.64 kB
ℹ ../node_modules/.cache/nuxt/.nuxt/dist/client/_nuxt/D80-ujT1.js               1.57 kB │ gzip:   0.87 kB
ℹ ../node_modules/.cache/nuxt/.nuxt/dist/client/_nuxt/DeFDxjUk.js               1.62 kB │ gzip:   0.77 kB
ℹ ../node_modules/.cache/nuxt/.nuxt/dist/client/_nuxt/DLLv1eWe.js               1.96 kB │ gzip:   0.63 kB
ℹ ../node_modules/.cache/nuxt/.nuxt/dist/client/_nuxt/iSMmEZah.js               2.27 kB │ gzip:   1.11 kB
ℹ ../node_modules/.cache/nuxt/.nuxt/dist/client/_nuxt/C7FMVKyi.js               2.33 kB │ gzip:   1.08 kB
ℹ ../node_modules/.cache/nuxt/.nuxt/dist/client/_nuxt/CiayKtba.js               2.70 kB │ gzip:   1.27 kB
ℹ ../node_modules/.cache/nuxt/.nuxt/dist/client/_nuxt/n-kiH_Bs.js               3.35 kB │ gzip:   1.39 kB
ℹ ../node_modules/.cache/nuxt/.nuxt/dist/client/_nuxt/CyrSmj2T.js               3.48 kB │ gzip:   1.56 kB
ℹ ../node_modules/.cache/nuxt/.nuxt/dist/client/_nuxt/zmcdgiSp.js               3.79 kB │ gzip:   1.71 kB
ℹ ../node_modules/.cache/nuxt/.nuxt/dist/client/_nuxt/HSsXigRp.js               3.88 kB │ gzip:   1.52 kB
ℹ ../node_modules/.cache/nuxt/.nuxt/dist/client/_nuxt/BaRMlNb1.js               5.37 kB │ gzip:   2.12 kB
ℹ ../node_modules/.cache/nuxt/.nuxt/dist/client/_nuxt/BWNi_gC_.js               5.64 kB │ gzip:   2.08 kB
ℹ ../node_modules/.cache/nuxt/.nuxt/dist/client/_nuxt/DGquUbFi.js               5.77 kB │ gzip:   1.76 kB
ℹ ../node_modules/.cache/nuxt/.nuxt/dist/client/_nuxt/Cbrz0u72.js               6.74 kB │ gzip:   2.43 kB
ℹ ../node_modules/.cache/nuxt/.nuxt/dist/client/_nuxt/qakBuBfO.js               7.79 kB │ gzip:   2.03 kB
ℹ ../node_modules/.cache/nuxt/.nuxt/dist/client/_nuxt/C_iDhbjx.js               8.24 kB │ gzip:   2.62 kB
ℹ ../node_modules/.cache/nuxt/.nuxt/dist/client/_nuxt/Doh74G9N.js               8.31 kB │ gzip:   2.79 kB
ℹ ../node_modules/.cache/nuxt/.nuxt/dist/client/_nuxt/CcICHsPU.js               9.35 kB │ gzip:   2.46 kB
ℹ ../node_modules/.cache/nuxt/.nuxt/dist/client/_nuxt/B7NlNyo-.js              10.78 kB │ gzip:   3.65 kB
ℹ ../node_modules/.cache/nuxt/.nuxt/dist/client/_nuxt/RK1D4wzo.js              10.88 kB │ gzip:   2.44 kB
ℹ ../node_modules/.cache/nuxt/.nuxt/dist/client/_nuxt/D9TpWVk_.js              11.81 kB │ gzip:   3.65 kB
ℹ ../node_modules/.cache/nuxt/.nuxt/dist/client/_nuxt/BB01x-_T.js              12.22 kB │ gzip:   3.78 kB
ℹ ../node_modules/.cache/nuxt/.nuxt/dist/client/_nuxt/BtiDG3mp.js              12.87 kB │ gzip:   4.06 kB
ℹ ../node_modules/.cache/nuxt/.nuxt/dist/client/_nuxt/Bttidwsj.js              14.26 kB │ gzip:   4.68 kB
ℹ ../node_modules/.cache/nuxt/.nuxt/dist/client/_nuxt/BsuDjEXj.js              15.54 kB │ gzip:   5.82 kB
ℹ ../node_modules/.cache/nuxt/.nuxt/dist/client/_nuxt/MLoItaeQ.js              17.23 kB │ gzip:   5.97 kB
ℹ ../node_modules/.cache/nuxt/.nuxt/dist/client/_nuxt/Dgr1hL22.js              19.98 kB │ gzip:   5.19 kB
ℹ ../node_modules/.cache/nuxt/.nuxt/dist/client/_nuxt/ByfHceMs.js              20.54 kB │ gzip:   6.13 kB
ℹ ../node_modules/.cache/nuxt/.nuxt/dist/client/_nuxt/BQRvJZ8G.js              22.68 kB │ gzip:   6.27 kB
ℹ ../node_modules/.cache/nuxt/.nuxt/dist/client/_nuxt/BnirxS73.js              22.71 kB │ gzip:   5.78 kB
ℹ ../node_modules/.cache/nuxt/.nuxt/dist/client/_nuxt/er2QxM8U.js              24.37 kB │ gzip:   6.43 kB
ℹ ../node_modules/.cache/nuxt/.nuxt/dist/client/_nuxt/Bi9ErRL-.js              26.53 kB │ gzip:   7.57 kB
ℹ ../node_modules/.cache/nuxt/.nuxt/dist/client/_nuxt/B8I0kg_e.js              26.62 kB │ gzip:   8.10 kB
ℹ ../node_modules/.cache/nuxt/.nuxt/dist/client/_nuxt/Befg_aX-.js              27.61 kB │ gzip:  10.55 kB
ℹ ../node_modules/.cache/nuxt/.nuxt/dist/client/_nuxt/CTacWags.js              32.83 kB │ gzip:   9.87 kB
ℹ ../node_modules/.cache/nuxt/.nuxt/dist/client/_nuxt/DoMoGf8E.js              41.97 kB │ gzip:  14.21 kB
ℹ ../node_modules/.cache/nuxt/.nuxt/dist/client/_nuxt/C5zhHK4Y.js              46.57 kB │ gzip:  12.00 kB
ℹ ../node_modules/.cache/nuxt/.nuxt/dist/client/_nuxt/Y8zbBzw2.js              46.78 kB │ gzip:  13.82 kB
ℹ ../node_modules/.cache/nuxt/.nuxt/dist/client/_nuxt/CcSAni4w.js              54.39 kB │ gzip:  17.28 kB
ℹ ../node_modules/.cache/nuxt/.nuxt/dist/client/_nuxt/BhSiVZqa.js              76.61 kB │ gzip:  17.22 kB
ℹ ../node_modules/.cache/nuxt/.nuxt/dist/client/_nuxt/Btajo2bU.js              81.87 kB │ gzip:  19.04 kB
ℹ ../node_modules/.cache/nuxt/.nuxt/dist/client/_nuxt/BhE6u6XE.js             106.25 kB │ gzip:  21.74 kB
ℹ ../node_modules/.cache/nuxt/.nuxt/dist/client/_nuxt/Dwds9zOd.js             285.81 kB │ gzip: 104.92 kB
ℹ ✓ built in 12.90s
✔ Client built in 12949ms
ℹ Building server...
ℹ vite v7.3.1 building ssr environment for production...
ℹ transforming...
ℹ ✓ 1 modules transformed.
ℹ rendering chunks...
ℹ ✓ built in 8ms
✔ Server built in 23ms
[nitro] ℹ Initializing prerenderer
[nitro] ℹ Prerendering 18 initial routes with crawler
[nitro]   ├─ /dashboard (33ms)
[nitro]   ├─ /email (32ms)
[nitro]   ├─ /instructions (33ms)
[nitro]   ├─ /cronjobs (32ms)
[nitro]   ├─ /login (33ms)
[nitro]   ├─ /personas (33ms)
[nitro]   ├─ /memory (33ms)
[nitro]   ├─ /providers (34ms)
[nitro]   ├─ /settings (34ms)
[nitro]   ├─ /logs (33ms)
[nitro]   ├─ /skills (35ms)
[nitro]   ├─ /tasks (35ms)
[nitro]   ├─ /users (35ms)
[nitro]   ├─ /usage (35ms)
[nitro]   ├─ /200.html (35ms)
[nitro]   ├─ / (35ms)
[nitro]   ├─ /404.html (35ms)
[nitro]   ├─ /index.html (35ms)
[nitro] ℹ Prerendered 18 routes in 0.886 seconds
[nitro] ✔ Generated public .output/public
[nitro] ✔ You can preview this build using npx serve .output/public
│
▲  HTML content not prerendered because ssr: false was set.
│
●  You can read more in https://nuxt.com/docs/getting-started/deployment#static-hosting.
│
└  ✨ You can now deploy .output/public to any static hosting!
